[dotenv@17.2.4] injecting env (10) from .env -- tip: ­ƒöÉ prevent committing .env to code: https://dotenvx.com/precommit
[dotenv@17.2.4] injecting env (0) from .env -- tip: ÔÜÖ´©Å  write to custom object with { processEnv: myObject }

--- TESTING SEND to 5244321389 ---

1. Testing "Prueba" with {{name}} param...
ÔØî Failed: (#132001) Template name does not exist in the translation

2. Testing "Prueba" with 0 params...
ÔØî Failed: (#132001) Template name does not exist in the translation

3. Testing "prueba" with {{name}} param...
ÔØî Failed: (#132001) Template name does not exist in the translation

4. Testing "prueba" with 0 params...
ÔØî Failed: (#132001) Template name does not exist in the translation
